// Jest Snapshot v1, https://goo.gl/fbAQLP

exports[`expect to match DuckFeedingReportPage snapshot 1`] = `
<div
  className="box-format"
>
  <div
    className="lds-spinner"
  >
    <div />
    <div />
    <div />
    <div />
    <div />
    <div />
    <div />
    <div />
    <div />
    <div />
    <div />
    <div />
  </div>
</div>
`;
